
Piyush Mandloi@DESKTOP-AVLBJQ2 MINGW64 /e/dotnet/day1assignment (feature)
$ git config --global user.email
piyush.mandloi@zensar.com

Piyush Mandloi@DESKTOP-AVLBJQ2 MINGW64 /e/dotnet/day1assignment (feature)
$ code .

Piyush Mandloi@DESKTOP-AVLBJQ2 MINGW64 /e/dotnet/day1assignment (feature)
$ code .

Piyush Mandloi@DESKTOP-AVLBJQ2 MINGW64 /e/dotnet/day1assignment (feature)
$ git init
Initialized empty Git repository in E:/dotnet/day1assignment/.git/

Piyush Mandloi@DESKTOP-AVLBJQ2 MINGW64 /e/dotnet/day1assignment (master)
$ ls -lart
total 8
drwxr-xr-x 1 Piyush Mandloi 197609 0 Jul 14 22:25 ../
drwxr-xr-x 1 Piyush Mandloi 197609 0 Jul 14 22:27 ./
drwxr-xr-x 1 Piyush Mandloi 197609 0 Jul 14 22:27 .git/

Piyush Mandloi@DESKTOP-AVLBJQ2 MINGW64 /e/dotnet/day1assignment (master)
$  git open index.html
git: 'open' is not a git command. See 'git --help'.

The most similar commands are
        clean
        clone
        notes
        prune

Piyush Mandloi@DESKTOP-AVLBJQ2 MINGW64 /e/dotnet/day1assignment (master)
$ git code index.html
git: 'code' is not a git command. See 'git --help'.

The most similar command is
        clone

Piyush Mandloi@DESKTOP-AVLBJQ2 MINGW64 /e/dotnet/day1assignment (master)
$ git edit index.html
git: 'edit' is not a git command. See 'git --help'.

The most similar command is
        init

Piyush Mandloi@DESKTOP-AVLBJQ2 MINGW64 /e/dotnet/day1assignment (master)
$ git add index.html
fatal: pathspec 'index.html' did not match any files

Piyush Mandloi@DESKTOP-AVLBJQ2 MINGW64 /e/dotnet/day1assignment (master)
$ git status
On branch master

No commits yet

nothing to commit (create/copy files and use "git add" to track)

Piyush Mandloi@DESKTOP-AVLBJQ2 MINGW64 /e/dotnet/day1assignment (master)
$ code index2.html

Piyush Mandloi@DESKTOP-AVLBJQ2 MINGW64 /e/dotnet/day1assignment (master)
$ git status
On branch master

No commits yet

Untracked files:
  (use "git add <file>..." to include in what will be committed)
        index2.html

nothing added to commit but untracked files present (use "git add" to track)

Piyush Mandloi@DESKTOP-AVLBJQ2 MINGW64 /e/dotnet/day1assignment (master)
$ git add index2.html

Piyush Mandloi@DESKTOP-AVLBJQ2 MINGW64 /e/dotnet/day1assignment (master)
$ git status
On branch master

No commits yet

Changes to be committed:
  (use "git rm --cached <file>..." to unstage)
        new file:   index2.html


Piyush Mandloi@DESKTOP-AVLBJQ2 MINGW64 /e/dotnet/day1assignment (master)
$ git commit
hint: Waiting for your editor to close the file...
[master (root-commit) e9b24d8] Initial commit
 1 file changed, 9 insertions(+)
 create mode 100644 index2.html

Piyush Mandloi@DESKTOP-AVLBJQ2 MINGW64 /e/dotnet/day1assignment (master)
$

Piyush Mandloi@DESKTOP-AVLBJQ2 MINGW64 /e/dotnet/day1assignment (master)
$

Piyush Mandloi@DESKTOP-AVLBJQ2 MINGW64 /e/dotnet/day1assignment (master)
$ git commit -m
error: switch `m' requires a value

Piyush Mandloi@DESKTOP-AVLBJQ2 MINGW64 /e/dotnet/day1assignment (master)
$ git commit -m "Initial Commit"
On branch master
nothing to commit, working tree clean

Piyush Mandloi@DESKTOP-AVLBJQ2 MINGW64 /e/dotnet/day1assignment (master)
$ touch about.html

Piyush Mandloi@DESKTOP-AVLBJQ2 MINGW64 /e/dotnet/day1assignment (master)
$ touch contact.html

Piyush Mandloi@DESKTOP-AVLBJQ2 MINGW64 /e/dotnet/day1assignment (master)
$ touch hotels.html

Piyush Mandloi@DESKTOP-AVLBJQ2 MINGW64 /e/dotnet/day1assignment (master)
$ git status
On branch master
Untracked files:
  (use "git add <file>..." to include in what will be committed)
        about.html
        contact.html
        hotels.html

nothing added to commit but untracked files present (use "git add" to track)

Piyush Mandloi@DESKTOP-AVLBJQ2 MINGW64 /e/dotnet/day1assignment (master)
$ git add -A

Piyush Mandloi@DESKTOP-AVLBJQ2 MINGW64 /e/dotnet/day1assignment (master)
$ git status
On branch master
Changes to be committed:
  (use "git restore --staged <file>..." to unstage)
        new file:   about.html
        new file:   contact.html
        new file:   hotels.html


Piyush Mandloi@DESKTOP-AVLBJQ2 MINGW64 /e/dotnet/day1assignment (master)
$ git status
On branch master
Changes to be committed:
  (use "git restore --staged <file>..." to unstage)
        new file:   about.html
        new file:   contact.html
        new file:   hotels.html

Changes not staged for commit:
  (use "git add <file>..." to update what will be committed)
  (use "git restore <file>..." to discard changes in working directory)
        modified:   contact.html


Piyush Mandloi@DESKTOP-AVLBJQ2 MINGW64 /e/dotnet/day1assignment (master)
$ git add contact.html

Piyush Mandloi@DESKTOP-AVLBJQ2 MINGW64 /e/dotnet/day1assignment (master)
$ git status
On branch master
Changes to be committed:
  (use "git restore --staged <file>..." to unstage)
        new file:   about.html
        new file:   contact.html
        new file:   hotels.html


Piyush Mandloi@DESKTOP-AVLBJQ2 MINGW64 /e/dotnet/day1assignment (master)
$ git commit -m "Three html tags added"
[master 97f1ca1] Three html tags added
 3 files changed, 10 insertions(+)
 create mode 100644 about.html
 create mode 100644 contact.html
 create mode 100644 hotels.html

Piyush Mandloi@DESKTOP-AVLBJQ2 MINGW64 /e/dotnet/day1assignment (master)
$ git status
On branch master
nothing to commit, working tree clean

Piyush Mandloi@DESKTOP-AVLBJQ2 MINGW64 /e/dotnet/day1assignment (master)
$ git push https://github.com/PiyushMandloi7/git-github-demo.git
fatal: The current branch master has no upstream branch.
To push the current branch and set the remote as upstream, use

    git push --set-upstream https://github.com/PiyushMandloi7/git-github-demo.git master


Piyush Mandloi@DESKTOP-AVLBJQ2 MINGW64 /e/dotnet/day1assignment (master)
$ git push --set-upstream https://github.com/PiyushMandloi7/git-github-demo.git
fatal: The current branch master has no upstream branch.
To push the current branch and set the remote as upstream, use

    git push --set-upstream https://github.com/PiyushMandloi7/git-github-demo.git master


Piyush Mandloi@DESKTOP-AVLBJQ2 MINGW64 /e/dotnet/day1assignment (master)
$ git commit
On branch master
nothing to commit, working tree clean

Piyush Mandloi@DESKTOP-AVLBJQ2 MINGW64 /e/dotnet/day1assignment (master)
$ git push no no
error: src refspec no does not match any
error: failed to push some refs to 'no'

Piyush Mandloi@DESKTOP-AVLBJQ2 MINGW64 /e/dotnet/day1assignment (master)
$ git push --all git-github-demo
fatal: 'git-github-demo' does not appear to be a git repository
fatal: Could not read from remote repository.

Please make sure you have the correct access rights
and the repository exists.

Piyush Mandloi@DESKTOP-AVLBJQ2 MINGW64 /e/dotnet/day1assignment (master)
$ git remote add origin https://github.com/PiyushMandloi7/git-github-demo.git

Piyush Mandloi@DESKTOP-AVLBJQ2 MINGW64 /e/dotnet/day1assignment (master)
$ git push -u origin master
To https://github.com/PiyushMandloi7/git-github-demo.git
 ! [rejected]        master -> master (fetch first)
error: failed to push some refs to 'https://github.com/PiyushMandloi7/git-github-demo.git'
hint: Updates were rejected because the remote contains work that you do
hint: not have locally. This is usually caused by another repository pushing
hint: to the same ref. You may want to first integrate the remote changes
hint: (e.g., 'git pull ...') before pushing again.
hint: See the 'Note about fast-forwards' in 'git push --help' for details.

Piyush Mandloi@DESKTOP-AVLBJQ2 MINGW64 /e/dotnet/day1assignment (master)
$ git push -set-upstream origin master
error: did you mean `--set-upstream` (with two dashes)?

Piyush Mandloi@DESKTOP-AVLBJQ2 MINGW64 /e/dotnet/day1assignment (master)
$ git push --set-upstream origin master
To https://github.com/PiyushMandloi7/git-github-demo.git
 ! [rejected]        master -> master (fetch first)
error: failed to push some refs to 'https://github.com/PiyushMandloi7/git-github-demo.git'
hint: Updates were rejected because the remote contains work that you do
hint: not have locally. This is usually caused by another repository pushing
hint: to the same ref. You may want to first integrate the remote changes
hint: (e.g., 'git pull ...') before pushing again.
hint: See the 'Note about fast-forwards' in 'git push --help' for details.

Piyush Mandloi@DESKTOP-AVLBJQ2 MINGW64 /e/dotnet/day1assignment (master)
$ git pull ...
fatal: '...' does not appear to be a git repository
fatal: Could not read from remote repository.

Please make sure you have the correct access rights
and the repository exists.

Piyush Mandloi@DESKTOP-AVLBJQ2 MINGW64 /e/dotnet/day1assignment (master)
$ git pull https://github.com/PiyushMandloi7/git-github-demo.git
warning: no common commits
remote: Enumerating objects: 6, done.
remote: Counting objects: 100% (6/6), done.
remote: Compressing objects: 100% (4/4), done.
remote: Total 6 (delta 1), reused 2 (delta 0), pack-reused 0
Unpacking objects: 100% (6/6), 988 bytes | 4.00 KiB/s, done.
From https://github.com/PiyushMandloi7/git-github-demo
 * branch            HEAD       -> FETCH_HEAD
fatal: refusing to merge unrelated histories

Piyush Mandloi@DESKTOP-AVLBJQ2 MINGW64 /e/dotnet/day1assignment (master)
$ git remote add origin https://github.com/PiyushMandloi7/git-github-demo.git
fatal: remote origin already exists.

Piyush Mandloi@DESKTOP-AVLBJQ2 MINGW64 /e/dotnet/day1assignment (master)
$ git push -u origin master
To https://github.com/PiyushMandloi7/git-github-demo.git
 ! [rejected]        master -> master (non-fast-forward)
error: failed to push some refs to 'https://github.com/PiyushMandloi7/git-github-demo.git'
hint: Updates were rejected because the tip of your current branch is behind
hint: its remote counterpart. Integrate the remote changes (e.g.
hint: 'git pull ...') before pushing again.
hint: See the 'Note about fast-forwards' in 'git push --help' for details.

Piyush Mandloi@DESKTOP-AVLBJQ2 MINGW64 /e/dotnet/day1assignment (master)
$
